primary_text_color:#ff363636
secondary_text_color:#ff888888
main_header_separator_color:#ffaaaaaa
secondary_header_separator_color:#ffd0d0d0
people_app_theme_color:#ff363636
image_placeholder:#ffdddddd
dialtacts_secondary_text_color:#ff888888
contact_tile_shadow_box_color:#7f000000
people_contact_tile_status_color:#ffcccccc
shortcut_overlay_text_background:#7f000000
textColorIconOverlay:#ffffffff
textColorIconOverlayShadow:#ff000000
contact_tile_name_text:#ffffffff
quickcontact_list_divider:#ffcdcdcd
quickcontact_list_background:#ffe2e2e2
quickcontact_tab_indicator:#ffc6c6c6
quickcontact_track_background:#fff5f5f5
quickcontact_activity_background:#fff5f5f5
quickcontact_name_detail_background:#66000000
background_primary:#fff5f5f5
background_social_updates:#ffeeeeee
section_header_text_color:#ff363636
detail_update_tab_text_color:#ff777777
detail_tab_carousel_tab_label_color:#ffeeeeee
action_bar_background:#ffe6e6e6
action_bar_background_highlight:#ffcecece
action_bar_button_text_color:#ffffffff
stream_item_stripe_color:#ffcccccc
