widget_margin:0.0dip
log_item_padding:4.0dip
activity_horizontal_margin:16.0dip
activity_vertical_margin:16.0dip
content_padding:0.0dip
section_padding:8.0dip
device_memory_usage_button_width:16.0dip
device_memory_usage_button_height:32.0dip
action_bar_switch_padding:16.0dip
app_icon_size:56.0dip
screen_margin_sides:64.0dip
screen_margin_top:72.0dip
screen_margin_bottom:48.0dip
content_margin_left:16.0dip
description_margin_top:26.0dip
description_margin_sides:40.0dip
bind_app_widget_dialog_checkbox_bottom_padding:16.0dip
installed_app_details_bullet_offset:8.0dip
data_usage_chart_height:252.0dip
data_usage_chart_optimalWidth:440.0dip
volume_seekbar_side_margin:8.0dip
crypt_clock_size:100.0sp
setup_margin_bottom:0.0dip
setup_title_size:25.0dip
setup_button_size:32.0dip
setup_item_margin:16.0dip
divider_height:3.0dip
divider_margin_top:6.0dip
divider_margin_bottom:7.0dip
vert_divider_width:1.0dip
header_icon_width:28.0dip
appwidget_min_width:280.0dip
appwidget_min_height:40.0dip
pager_tabs_padding:0.0dip
appwidget_preview_width:140.0dip
appwidget_preview_height:80.0dip
keyguard_appwidget_picker_max_width:800.0dip
keyguard_appwidget_picker_margin_left:6.0dip
keyguard_appwidget_picker_margin_right:6.0dip
circle_avatar_size:48.0dip
circle_avatar_frame_stroke_width:1.0dip
circle_avatar_frame_shadow_radius:3.0dip
update_user_photo_popup_min_width:300.0dip
captioning_preview_height:200.0dip
auto_brightness_preview_text_size:8.0dip
auto_brightness_preview_stroke_width:1.0dip
auto_brightness_preview_marker_size:3.0dip
auto_brightness_preview_grid_margin:3.0dip
auto_brightness_dialog_more_button_size:48.0dip
navigation_bar_48:48.0dip
navigation_bar_44:44.0dip
navigation_bar_42:42.0dip
navigation_bar_40:40.0dip
navigation_bar_36:36.0dip
navigation_bar_30:30.0dip
navigation_bar_24:24.0dip
navigation_bar_0:0.0dip
notification_row_min_height:70.0dip
