text_hairline:#ffcccccc
message_count_color:#66333333
timestamp_color:#bf000000
unread_bgcolor:#ffffffff
read_bgcolor:#ffeeeeee
widget_sender_text_color_read:#ff555555
widget_sender_text_color_unread:#ff333333
widget_subject_text_color_read:#ff777777
widget_subject_text_color_unread:#ff555555
translucent_white:#ccffffff
banner_item_transparent:#00000000
banner_item_activated:#670099cc
banner_item_selected:#cc0099cc
banner_item_pressed:#6733b5e5
text_shadow_color_light:#33000000
solid_white:#ffffffff
action_bar_button_text_color:#ffffffff
compose_message_edit_text:#ff000000
compose_message_text_counter:#cc333333
actionbar_text:#ccffffff
delete_thread_dialog:#ff000000
delivery_report_header:#ffffffff
delivery_report_recipient:#ff000000
delivery_report_status:#ff000000
delivery_report_date:#ff000000
button_text:#ff000000
message_received:#ff000000
message_sent:#ff000000
widget_unread_text:#ff777777
widget_loading:#ff000000
background:#ffffffff
darkgray_backgrounds:#ff888888
quickmessage_body_dark_bg:#ff1e1e1e
quickmessage_body_light_bg:#fff3f3f3
dividers:#ffeeeeee
transparent:#00000000
