incall_callTypeSip:#ff99ce3f
incall_call_banner_background:#a0000000
incall_secondary_info_background:#8033b5e5
incall_call_banner_text_color:#ffffffff
incall_call_glowpad_background:#a0000000
dtmf_dialer_display_text:#ffffffff
people_app_theme_color:#ff363636
on_hold_dim_effect:#cc000000
manage_conference_secondary_text_color:#ff888888
dialpad_background:#ff000000
button_background:#ff000000
primary_text_color:#ff363636
secondary_text_color:#ff888888
main_header_separator_color:#ffaaaaaa
secondary_header_separator_color:#ffd0d0d0
image_placeholder:#ffdddddd
dialtacts_secondary_text_color:#ff888888
contact_tile_shadow_box_color:#7f000000
people_contact_tile_status_color:#ffcccccc
shortcut_overlay_text_background:#7f000000
textColorIconOverlay:#ffffffff
textColorIconOverlayShadow:#ff000000
contact_tile_name_text:#ffffffff
dialtacts_primary_text_color:#ff000000
dialpad_text_color:#ff404040
call_log_missed_call_highlight_color:#ffff0000
call_log_voicemail_highlight_color:#ff33b5e5
voicemail_playback_seek_bar_yet_to_play:#ffcecece
voicemail_playback_seek_bar_already_played:#ff39c9ff
item_selected:#660099cc
background_dialer_light:#ffcecece
background_dialer_list_items:#ffeeeeee
background_digits_dialpad:#f2ffffff
background_dialpad:#faeeeeee
dialpad_primary_text_color:#ff404040
dialpad_secondary_text_color:#ff9e9e9e
dialpad_call_button_color:#ff404040
actionbar_background_color:#ffffffff
favorite_contacts_separator_color:#ffd0d0d0
searchbox_background_color:#ffffffff
searchbox_text_color:#ffd3d3d3
contact_tile_name_color:#fff0f0f0
undo_dialogue_text_color:#ff4d4d4d
nofavorite_text_color:#ff777777
call_stats_incoming:#ff33b5e5
call_stats_outgoing:#ff99cc00
call_stats_missed:#ffeb1313
call_stats_bar_background:#88888888
call_detail_photo_bg:#7f000000
call_log_divider:#55ffffff
call_log_primary_text_color:#ff000000
call_log_primary_background_color:#ff000000
call_log_secondary_text_color:#ff888888
call_log_secondary_background_color:#ff333333
call_log_header_color:#ff33b5e5
call_log_voicemail_status_background_color:#ff262626
call_log_voicemail_status_text_color:#ff888888
call_log_voicemail_status_action_text_color:#ff33b5e5
dialtacts_frame_color:#33999999
