call_banner_height:80.0dip
in_call_touch_ui_upper_margin:2.0dip
call_banner_side_padding:24.0dip
secondary_call_banner_right_padding:100.0dip
call_banner_top_bottom_padding:16.0dip
provider_info_top_bottom_padding:8.0dip
call_banner_name_number_right_padding:50.0sp
in_call_button_height:76.0dip
in_call_end_button_height:74.0dip
extra_row_button_width:56.0dip
button_cluster_side_padding:20.0dip
otaactivate_layout_marginTop:10.0dip
otalistenprogress_layout_marginTop:5.0dip
otasuccessfail_layout_marginTop:10.0dip
dialpad_horizontal_margin:0.0dip
dialpad_vertical_margin:2.0dip
dialpad_digits_text_size:35.0sp
emergency_dialer_digits_height:0.0px
dialpad_center_margin:3.0dip
dialpad_button_margin:2.0dip
notification_icon_size:64.0dip
incoming_call_widget_circle_size:94.0dip
incoming_call_widget_asset_margin:28.0dip
glowpadview_outerring_diameter:270.0dip
glowpadview_target_placement_radius:135.0dip
glowpadview_glow_radius:75.0dip
glowpadview_snap_margin:40.0dip
glowpadview_inner_radius:15.0dip
glowpadview_margin_bottom:-48.0dip
glowpadview_margin_right:0.0dip
incoming_call_card_height:112.0dip
list_header_extra_top_padding:0.0dip
list_section_divider_min_height:32.0dip
contact_tile_divider_padding:3.0dip
detail_item_side_margin:16.0dip
contact_tile_shadowbox_height:48.0sp
contact_tile_list_padding_top:0.0dip
contact_filter_left_margin:16.0dip
contact_filter_right_margin:16.0dip
contact_filter_item_min_height:48.0dip
contact_filter_icon_size:32.0dip
list_visible_scrollbar_padding:32.0dip
contact_browser_list_header_left_margin:16.0dip
contact_browser_list_item_text_indent:8.0dip
shortcut_icon_size:0.0dip
shortcut_icon_border_width:1.0dip
shortcut_overlay_text_size:12.0dip
shortcut_overlay_text_background_padding:1.0dip
detail_network_icon_size:32.0dip
empty_message_top_margin:48.0dip
contact_browser_list_item_photo_size:64.0dip
contact_browser_list_top_margin:8.0dip
contact_phone_list_empty_description_size:20.0sp
contact_phone_list_empty_description_padding:10.0dip
min_swipe:0.0dip
min_vert:10.0dip
min_lock:20.0dip
dialpad_digits_height:0.0px
dialpad_digits_margin_bottom:0.0px
call_button_height:74.0dip
search_text_size:14.0sp
call_log_call_action_size:32.0dip
call_log_call_action_width:48.0dip
call_log_icon_margin:4.0dip
call_log_inner_margin:8.0dip
call_log_outer_margin:8.0dip
call_log_indent_margin:24.0dip
call_log_list_item_height:56.0dip
call_log_list_contact_photo_size:64.0dip
call_detail_contact_name_margin:24.0dip
call_detail_button_spacing:2.0dip
dialpad_key_numbers_size:40.0dip
dialpad_key_letters_size:11.0dip
dialpad_key_plus_size:15.0dip
dialpad_key_special_characters_size:25.0dip
dialpad_key_letters_width:41.0dip
fake_action_bar_height:60.0dip
fake_menu_button_min_width:56.0dip
contact_tile_info_button_height_and_width:36.0dip
favorites_row_top_padding:8.0dip
favorites_row_bottom_padding:8.0dip
favorites_row_start_padding:8.0dip
favorites_row_end_padding:8.0dip
favorites_row_undo_text_side_padding:32.0dip
recent_call_log_item_padding:8.0dip
dismiss_button_padding_start:20.0dip
dismiss_button_padding_end:28.0dip
call_stats_details_chart_size:140.0dip
