darker_gray:#ffaaaaaa
white:#ffffffff
black:#ff000000
transparent:#00000000
background_dark:#ff000000
background_light:#ffffffff
holo_blue_light:#ff33b5e5
holo_blue_dark:#ff0099cc
holo_green_light:#ff99cc00
holo_green_dark:#ff669900
holo_red_light:#ffff4444
holo_red_dark:#ffcc0000
holo_orange_light:#ffffbb33
holo_orange_dark:#ffff8800
holo_purple:#ffaa66cc
holo_blue_bright:#ff00ddff
safe_mode_text:#80ffffff
bright_foreground_dark_disabled:#80ffffff
bright_foreground_light_disabled:#80000000
dim_foreground_dark:#ffbebebe
dim_foreground_dark_disabled:#80bebebe
dim_foreground_dark_inverse:#ff323232
dim_foreground_dark_inverse_disabled:#80323232
hint_foreground_dark:#ff808080
dim_foreground_light:#ff323232
dim_foreground_light_disabled:#80323232
dim_foreground_light_inverse:#ffbebebe
dim_foreground_light_inverse_disabled:#80bebebe
hint_foreground_light:#ff808080
highlighted_text_dark:#9983cc39
highlighted_text_light:#9983cc39
link_text_dark:#ff5c5cff
link_text_light:#ff0000ee
suggestion_highlight_text:#ff177bbd
input_method_navigation_guard:#ff000000
lighter_gray:#ffdddddd
perms_dangerous_grp_color:#ff33b5e5
perms_dangerous_perm_color:#ff33b5e5
shadow:#cc222222
perms_costs_money:#ffffbb33
search_url_text_normal:#ff7fa87f
keyguard_text_color_normal:#ffffffff
keyguard_text_color_unlock:#ffa7d84c
keyguard_text_color_soundoff:#ffffffff
keyguard_text_color_soundon:#ffe69310
keyguard_text_color_decline:#fffe0a5a
lockscreen_clock_background:#ffffffff
lockscreen_clock_foreground:#ffffffff
lockscreen_clock_am_pm:#ffffffff
lockscreen_owner_info:#ff9a9a9a
kg_multi_user_text_active:#ffffffff
kg_multi_user_text_inactive:#ff808080
kg_widget_pager_gradient:#ffffffff
facelock_spotlight_mask:#cc000000
background_holo_dark:#ff000000
background_holo_light:#fff3f3f3
bright_foreground_disabled_holo_dark:#ff4c4c4c
bright_foreground_disabled_holo_light:#ffb2b2b2
dim_foreground_holo_dark:#ffbebebe
dim_foreground_disabled_holo_dark:#80bebebe
dim_foreground_inverse_holo_dark:#ff323232
dim_foreground_inverse_disabled_holo_dark:#80323232
hint_foreground_holo_dark:#ff808080
dim_foreground_holo_light:#ff323232
dim_foreground_disabled_holo_light:#80323232
dim_foreground_inverse_holo_light:#ffbebebe
dim_foreground_inverse_disabled_holo_light:#80bebebe
hint_foreground_holo_light:#ff808080
highlighted_text_holo_dark:#6633b5e5
highlighted_text_holo_light:#6633b5e5
link_text_holo_dark:#ff5c5cff
link_text_holo_light:#ff0000ee
default_dialog_divider_holo_light:#ffacacac
group_button_dialog_pressed_holo_dark:#46c5c1ff
group_button_dialog_focused_holo_dark:#2699cc00
group_button_dialog_pressed_holo_light:#ffffffff
group_button_dialog_focused_holo_light:#4699cc00
legacy_pressed_highlight:#fffeaa0c
legacy_selected_highlight:#fff17a0a
legacy_long_pressed_highlight:#ffffffff
holo_gray_light:#33999999
holo_gray_bright:#33cccccc
keyguard_avatar_frame_color:#ffffffff
keyguard_avatar_frame_shadow_color:#80000000
keyguard_avatar_nick_color:#ffffffff
keyguard_avatar_frame_pressed_color:#ff35b5e5
accessibility_focus_highlight:#80ffff00
config_defaultNotificationColor:#ffffffff
power_menu_icon_default_color:#ffffffff
power_menu_text_default_color:#ffffffff
webviewchromium_color_picker_border_color:#ffb0b0b0
